// Jest Snapshot v1, https://goo.gl/fbAQLP

exports[`Render Calculator correctly 1`] = `
<div
  className="container"
>
  <h2>
    Do some math!
  </h2>
  <div
    className="calculator"
  >
    <div
      className="output"
    >
      <div>
         0  
      </div>
    </div>
    <div
      className="keypad"
    >
      <button
        className="gray-bg"
        onClick={[Function]}
        type="button"
      >
        AC
      </button>
      <button
        className="gray-bg"
        onClick={[Function]}
        type="button"
      >
        +/-
      </button>
      <button
        className="gray-bg"
        onClick={[Function]}
        type="button"
      >
        %
      </button>
      <button
        className="orange-bg"
        onClick={[Function]}
        type="button"
      >
        รท
      </button>
      <button
        className="gray-bg"
        onClick={[Function]}
        type="button"
      >
        7
      </button>
      <button
        className="gray-bg"
        onClick={[Function]}
        type="button"
      >
        8
      </button>
      <button
        className="gray-bg"
        onClick={[Function]}
        type="button"
      >
        9
      </button>
      <button
        className="orange-bg"
        onClick={[Function]}
        type="button"
      >
        x
      </button>
      <button
        className="gray-bg"
        onClick={[Function]}
        type="button"
      >
        4
      </button>
      <button
        className="gray-bg"
        onClick={[Function]}
        type="button"
      >
        5
      </button>
      <button
        className="gray-bg"
        onClick={[Function]}
        type="button"
      >
        6
      </button>
      <button
        className="orange-bg"
        onClick={[Function]}
        type="button"
      >
        -
      </button>
      <button
        className="gray-bg"
        onClick={[Function]}
        type="button"
      >
        1
      </button>
      <button
        className="gray-bg"
        onClick={[Function]}
        type="button"
      >
        2
      </button>
      <button
        className="gray-bg"
        onClick={[Function]}
        type="button"
      >
        3
      </button>
      <button
        className="orange-bg"
        onClick={[Function]}
        type="button"
      >
        +
      </button>
      <button
        className="gray-bg data-equals span-two"
        onClick={[Function]}
        type="button"
      >
        0
      </button>
      <button
        className="gray-bg"
        onClick={[Function]}
        type="button"
      >
        .
      </button>
      <button
        className="orange-bg"
        onClick={[Function]}
        type="button"
      >
        =
      </button>
    </div>
  </div>
</div>
`;
