// Jest Snapshot v1, https://goo.gl/fbAQLP

exports[`Displays the quote correctly 1`] = `
<div
  className="container"
>
  <p
    className="quote"
  >
    Mathematics is not about numbers, equations, computations, or algorithms: it is about understanding. -William Paul Thurston
  </p>
</div>
`;
